// Jest Snapshot v1, https://goo.gl/fbAQLP

exports[`redux store initial state matches snapshot 1`] = `
Object {
  "order": Object {
    "details": Object {},
    "list": Array [],
  },
  "product": Object {
    "details": Object {},
    "list": Array [],
  },
  "router": Object {
    "action": "POP",
    "location": Object {
      "hash": "",
      "pathname": "/",
      "query": Object {},
      "search": "",
      "state": undefined,
    },
  },
}
`;
